src/components/FeaturedProducts.tsx(22,29): error TS2345: Argument of type 'Product[]' is not assignable to parameter of type 'SetStateAction<never[]>'.
  Type 'Product[]' is not assignable to type 'never[]'.
    Type 'Product' is not assignable to type 'never'.
src/components/FeaturedProducts.tsx(32,36): error TS7006: Parameter 'product' implicitly has an 'any' type.
src/components/FeaturedProducts.tsx(38,19): error TS2554: Expected 4 arguments, but got 3.
src/components/FeaturedProducts.tsx(46,30): error TS18046: 'error' is of type 'unknown'.
src/components/FeaturedProducts.tsx(78,46): error TS2339: Property 'id' does not exist on type 'never'.
src/components/FeaturedProducts.tsx(87,67): error TS2339: Property 'id' does not exist on type 'never'.
src/components/FeaturedProducts.tsx(89,58): error TS2339: Property 'image' does not exist on type 'never'.
src/components/FeaturedProducts.tsx(90,58): error TS2339: Property 'title' does not exist on type 'never'.
src/components/FeaturedProducts.tsx(105,75): error TS2339: Property 'id' does not exist on type 'never'.
src/components/FeaturedProducts.tsx(107,62): error TS2339: Property 'title' does not exist on type 'never'.
src/components/FeaturedProducts.tsx(111,58): error TS2339: Property 'subtitle' does not exist on type 'never'.
src/components/FeaturedProducts.tsx(111,78): error TS2339: Property 'description' does not exist on type 'never'.
src/components/FeaturedProducts.tsx(133,83): error TS2339: Property 'id' does not exist on type 'never'.
src/components/Footer.tsx(14,37): error TS7006: Parameter 'e' implicitly has an 'any' type.
src/components/WhatsAppButton.tsx(19,27): error TS7006: Parameter 'e' implicitly has an 'any' type.
